#
# There is insufficient memory for the Java Runtime Environment to continue.
# Native memory allocation (malloc) failed to allocate 157776 bytes. Error detail: Chunk::new
# Possible reasons:
#   The system is out of physical RAM or swap space
#   This process is running with CompressedOops enabled, and the Java Heap may be blocking the growth of the native heap
# Possible solutions:
#   Reduce memory load on the system
#   Increase physical memory or swap space
#   Check if swap backing store is full
#   Decrease Java heap size (-Xmx/-Xms)
#   Decrease number of Java threads
#   Decrease Java thread stack sizes (-Xss)
#   Set larger code cache with -XX:ReservedCodeCacheSize=
#   JVM is running with Unscaled Compressed Oops mode in which the Java heap is
#     placed in the first 4GB address space. The Java Heap base address is the
#     maximum limit for the native heap growth. Please use -XX:HeapBaseMinAddress
#     to set the Java Heap base and to place the Java Heap above 4GB virtual address.
# This output file may be truncated or incomplete.
#
#  Out of Memory Error (arena.cpp:191), pid=24444, tid=14196
#
# JRE version: OpenJDK Runtime Environment Temurin-17.0.19+10 (17.0.19+10) (build 17.0.19+10)
# Java VM: OpenJDK 64-Bit Server VM Temurin-17.0.19+10 (17.0.19+10, mixed mode, sharing, tiered, compressed oops, compressed class ptrs, g1 gc, windows-amd64)
# No core dump will be written. Minidumps are not enabled by default on client versions of Windows
#

---------------  S U M M A R Y ------------

Command Line: -Xmx64m -Xms64m -Dorg.gradle.appname=gradlew C:\Users\Anas\EccApp\android\\gradle\wrapper\gradle-wrapper.jar app:installDebug -PreactNativeDevServerPort=8081

Host: AMD Ryzen 7 5700U with Radeon Graphics         , 16 cores, 7G,  Windows 11 , 64 bit Build 26100 (10.0.26100.8875)
Time: Wed Aug  5 18:17:21 2026 India Standard Time elapsed time: 155.053399 seconds (0d 0h 2m 35s)

---------------  T H R E A D  ---------------

Current thread (0x000001fba422e390):  JavaThread "C2 CompilerThread0" daemon [_thread_in_native, id=14196, stack(0x0000007d92700000,0x0000007d92800000)]


Current CompileTask:
C2:155053 2051       4       java.util.AbstractList::equals (117 bytes)

Stack: [0x0000007d92700000,0x0000007d92800000]
Native frames: (J=compiled Java code, j=interpreted, Vv=VM code, C=native code)
V  [jvm.dll+0x684b29]
V  [jvm.dll+0x83a2d5]
V  [jvm.dll+0x83bd4e]
V  [jvm.dll+0x83c3d3]
V  [jvm.dll+0x24905f]
V  [jvm.dll+0xad536]
V  [jvm.dll+0xadbdc]
V  [jvm.dll+0x368d4f]
V  [jvm.dll+0x3331d5]
V  [jvm.dll+0x33263a]
V  [jvm.dll+0x219e69]
V  [jvm.dll+0x2192af]
V  [jvm.dll+0x1a49f0]
V  [jvm.dll+0x2299fa]
V  [jvm.dll+0x227bab]
V  [jvm.dll+0x7f0a88]
V  [jvm.dll+0x7eaf1c]
V  [jvm.dll+0x6839f7]
C  [ucrtbase.dll+0x2cd30]
C  [KERNEL32.DLL+0x2e957]
C  [ntdll.dll+0xaad6c]


---------------  P R O C E S S  ---------------

Threads class SMR info:
_java_thread_list=0x000001fba4ad03d0, length=13, elements={
0x000001fb87f68df0, 0x000001fba420a830, 0x000001fba420b3f0, 0x000001fba4227890,
0x000001fba4228250, 0x000001fba4228c10, 0x000001fba422b5e0, 0x000001fba422e390,
0x000001fba422ee40, 0x000001fba423d320, 0x000001fba44c27a0, 0x000001fba44c56f0,
0x000001fba495c120
}

Java Threads: ( => current thread )
  0x000001fb87f68df0 JavaThread "main" [_thread_in_native, id=4464, stack(0x0000007d91a00000,0x0000007d91b00000)]
  0x000001fba420a830 JavaThread "Reference Handler" daemon [_thread_blocked, id=3060, stack(0x0000007d92100000,0x0000007d92200000)]
  0x000001fba420b3f0 JavaThread "Finalizer" daemon [_thread_blocked, id=10448, stack(0x0000007d92200000,0x0000007d92300000)]
  0x000001fba4227890 JavaThread "Signal Dispatcher" daemon [_thread_blocked, id=4372, stack(0x0000007d92300000,0x0000007d92400000)]
  0x000001fba4228250 JavaThread "Attach Listener" daemon [_thread_blocked, id=26524, stack(0x0000007d92400000,0x0000007d92500000)]
  0x000001fba4228c10 JavaThread "Service Thread" daemon [_thread_blocked, id=10464, stack(0x0000007d92500000,0x0000007d92600000)]
  0x000001fba422b5e0 JavaThread "Monitor Deflation Thread" daemon [_thread_blocked, id=2796, stack(0x0000007d92600000,0x0000007d92700000)]
=>0x000001fba422e390 JavaThread "C2 CompilerThread0" daemon [_thread_in_native, id=14196, stack(0x0000007d92700000,0x0000007d92800000)]
  0x000001fba422ee40 JavaThread "C1 CompilerThread0" daemon [_thread_blocked, id=20740, stack(0x0000007d92800000,0x0000007d92900000)]
  0x000001fba423d320 JavaThread "Sweeper thread" daemon [_thread_blocked, id=26464, stack(0x0000007d92900000,0x0000007d92a00000)]
  0x000001fba44c27a0 JavaThread "Notification Thread" daemon [_thread_blocked, id=10692, stack(0x0000007d92c00000,0x0000007d92d00000)]
  0x000001fba44c56f0 JavaThread "Common-Cleaner" daemon [_thread_blocked, id=22976, stack(0x0000007d92e00000,0x0000007d92f00000)]
  0x000001fba495c120 JavaThread "pool-1-thread-1" [_thread_blocked, id=15568, stack(0x0000007d92f00000,0x0000007d93000000)]

Other Threads:
  0x000001fba42062f0 VMThread "VM Thread" [stack: 0x0000007d92000000,0x0000007d92100000] [id=17800]
  0x000001fba44c52a0 WatcherThread [stack: 0x0000007d92d00000,0x0000007d92e00000] [id=2520]
  0x000001fb87f8cf00 GCTaskThread "GC Thread#0" [stack: 0x0000007d91b00000,0x0000007d91c00000] [id=20588]
  0x000001fba48a9740 GCTaskThread "GC Thread#1" [stack: 0x0000007d93000000,0x0000007d93100000] [id=25932]
  0x000001fba4a22a30 GCTaskThread "GC Thread#2" [stack: 0x0000007d93100000,0x0000007d93200000] [id=27716]
  0x000001fba4a22cf0 GCTaskThread "GC Thread#3" [stack: 0x0000007d93200000,0x0000007d93300000] [id=17252]
  0x000001fbea7c0340 GCTaskThread "GC Thread#4" [stack: 0x0000007d93300000,0x0000007d93400000] [id=14976]
  0x000001fba4a7b200 GCTaskThread "GC Thread#5" [stack: 0x0000007d93500000,0x0000007d93600000] [id=13996]
  0x000001fbeace0990 GCTaskThread "GC Thread#6" [stack: 0x0000007d93600000,0x0000007d93700000] [id=24240]
  0x000001fbea91de30 GCTaskThread "GC Thread#7" [stack: 0x0000007d93700000,0x0000007d93800000] [id=20652]
  0x000001fb87f8e650 ConcurrentGCThread "G1 Main Marker" [stack: 0x0000007d91c00000,0x0000007d91d00000] [id=19868]
  0x000001fb87f8fd40 ConcurrentGCThread "G1 Conc#0" [stack: 0x0000007d91d00000,0x0000007d91e00000] [id=11184]
  0x000001fb880097a0 ConcurrentGCThread "G1 Refine#0" [stack: 0x0000007d91e00000,0x0000007d91f00000] [id=7988]
  0x000001fb8800b080 ConcurrentGCThread "G1 Service" [stack: 0x0000007d91f00000,0x0000007d92000000] [id=22448]

Threads with active compile tasks:
C2 CompilerThread0  156701 2051       4       java.util.AbstractList::equals (117 bytes)

VM state: not at safepoint (normal execution)

VM Mutex/Monitor currently owned by a thread: None

Heap address: 0x00000000fc000000, size: 64 MB, Compressed Oops mode: 32-bit

CDS archive(s) mapped at: [0x000001fba5000000-0x000001fba5bb0000-0x000001fba5bb0000), size 12255232, SharedBaseAddress: 0x000001fba5000000, ArchiveRelocationMode: 1.
Compressed class space mapped at: 0x000001fba6000000-0x000001fbe6000000, reserved size: 1073741824
Narrow klass base: 0x000001fba5000000, Narrow klass shift: 0, Narrow klass range: 0x100000000

GC Precious Log:
 CPUs: 16 total, 16 available
 Memory: 7530M
 Large Page Support: Disabled
 NUMA Support: Disabled
 Compressed Oops: Enabled (32-bit)
 Heap Region Size: 1M
 Heap Min Capacity: 64M
 Heap Initial Capacity: 64M
 Heap Max Capacity: 64M
 Pre-touch: Disabled
 Parallel Workers: 13
 Concurrent Workers: 3
 Concurrent Refinement Workers: 13
 Periodic GC: Disabled

Heap:
 garbage-first heap   total 65536K, used 25542K [0x00000000fc000000, 0x0000000100000000)
  region size 1024K, 18 young (18432K), 4 survivors (4096K)
 Metaspace       used 9809K, committed 10048K, reserved 1114112K
  class space    used 1259K, committed 1344K, reserved 1048576K

Heap Regions: E=young(eden), S=young(survivor), O=old, HS=humongous(starts), HC=humongous(continues), CS=collection set, F=free, OA=open archive, CA=closed archive, TAMS=top-at-mark-start (previous, next)
|   0|0x00000000fc000000, 0x00000000fc100000, 0x00000000fc100000|100%|HS|  |TAMS 0x00000000fc000000, 0x00000000fc000000| Complete 
|   1|0x00000000fc100000, 0x00000000fc200000, 0x00000000fc200000|100%|HC|  |TAMS 0x00000000fc100000, 0x00000000fc100000| Complete 
|   2|0x00000000fc200000, 0x00000000fc300000, 0x00000000fc300000|100%|HC|  |TAMS 0x00000000fc200000, 0x00000000fc200000| Complete 
|   3|0x00000000fc300000, 0x00000000fc400000, 0x00000000fc400000|100%|HC|  |TAMS 0x00000000fc300000, 0x00000000fc300000| Complete 
|   4|0x00000000fc400000, 0x00000000fc500000, 0x00000000fc500000|100%| O|  |TAMS 0x00000000fc400000, 0x00000000fc400000| Untracked 
|   5|0x00000000fc500000, 0x00000000fc600000, 0x00000000fc600000|100%| O|  |TAMS 0x00000000fc500000, 0x00000000fc500000| Untracked 
|   6|0x00000000fc600000, 0x00000000fc700000, 0x00000000fc700000|100%| O|  |TAMS 0x00000000fc600000, 0x00000000fc600000| Untracked 
|   7|0x00000000fc700000, 0x00000000fc7f1a00, 0x00000000fc800000| 94%| O|  |TAMS 0x00000000fc700000, 0x00000000fc700000| Untracked 
|   8|0x00000000fc800000, 0x00000000fc800000, 0x00000000fc900000|  0%| F|  |TAMS 0x00000000fc800000, 0x00000000fc800000| Untracked 
|   9|0x00000000fc900000, 0x00000000fc900000, 0x00000000fca00000|  0%| F|  |TAMS 0x00000000fc900000, 0x00000000fc900000| Untracked 
|  10|0x00000000fca00000, 0x00000000fca00000, 0x00000000fcb00000|  0%| F|  |TAMS 0x00000000fca00000, 0x00000000fca00000| Untracked 
|  11|0x00000000fcb00000, 0x00000000fcb00000, 0x00000000fcc00000|  0%| F|  |TAMS 0x00000000fcb00000, 0x00000000fcb00000| Untracked 
|  12|0x00000000fcc00000, 0x00000000fcc00000, 0x00000000fcd00000|  0%| F|  |TAMS 0x00000000fcc00000, 0x00000000fcc00000| Untracked 
|  13|0x00000000fcd00000, 0x00000000fcd00000, 0x00000000fce00000|  0%| F|  |TAMS 0x00000000fcd00000, 0x00000000fcd00000| Untracked 
|  14|0x00000000fce00000, 0x00000000fce00000, 0x00000000fcf00000|  0%| F|  |TAMS 0x00000000fce00000, 0x00000000fce00000| Untracked 
|  15|0x00000000fcf00000, 0x00000000fcf00000, 0x00000000fd000000|  0%| F|  |TAMS 0x00000000fcf00000, 0x00000000fcf00000| Untracked 
|  16|0x00000000fd000000, 0x00000000fd000000, 0x00000000fd100000|  0%| F|  |TAMS 0x00000000fd000000, 0x00000000fd000000| Untracked 
|  17|0x00000000fd100000, 0x00000000fd100000, 0x00000000fd200000|  0%| F|  |TAMS 0x00000000fd100000, 0x00000000fd100000| Untracked 
|  18|0x00000000fd200000, 0x00000000fd200000, 0x00000000fd300000|  0%| F|  |TAMS 0x00000000fd200000, 0x00000000fd200000| Untracked 
|  19|0x00000000fd300000, 0x00000000fd300000, 0x00000000fd400000|  0%| F|  |TAMS 0x00000000fd300000, 0x00000000fd300000| Untracked 
|  20|0x00000000fd400000, 0x00000000fd400000, 0x00000000fd500000|  0%| F|  |TAMS 0x00000000fd400000, 0x00000000fd400000| Untracked 
|  21|0x00000000fd500000, 0x00000000fd500000, 0x00000000fd600000|  0%| F|  |TAMS 0x00000000fd500000, 0x00000000fd500000| Untracked 
|  22|0x00000000fd600000, 0x00000000fd600000, 0x00000000fd700000|  0%| F|  |TAMS 0x00000000fd600000, 0x00000000fd600000| Untracked 
|  23|0x00000000fd700000, 0x00000000fd700000, 0x00000000fd800000|  0%| F|  |TAMS 0x00000000fd700000, 0x00000000fd700000| Untracked 
|  24|0x00000000fd800000, 0x00000000fd800000, 0x00000000fd900000|  0%| F|  |TAMS 0x00000000fd800000, 0x00000000fd800000| Untracked 
|  25|0x00000000fd900000, 0x00000000fd900000, 0x00000000fda00000|  0%| F|  |TAMS 0x00000000fd900000, 0x00000000fd900000| Untracked 
|  26|0x00000000fda00000, 0x00000000fda00000, 0x00000000fdb00000|  0%| F|  |TAMS 0x00000000fda00000, 0x00000000fda00000| Untracked 
|  27|0x00000000fdb00000, 0x00000000fdb00000, 0x00000000fdc00000|  0%| F|  |TAMS 0x00000000fdb00000, 0x00000000fdb00000| Untracked 
|  28|0x00000000fdc00000, 0x00000000fdd00000, 0x00000000fdd00000|100%| S|CS|TAMS 0x00000000fdc00000, 0x00000000fdc00000| Complete 
|  29|0x00000000fdd00000, 0x00000000fde00000, 0x00000000fde00000|100%| S|CS|TAMS 0x00000000fdd00000, 0x00000000fdd00000| Complete 
|  30|0x00000000fde00000, 0x00000000fdf00000, 0x00000000fdf00000|100%| S|CS|TAMS 0x00000000fde00000, 0x00000000fde00000| Complete 
|  31|0x00000000fdf00000, 0x00000000fe000000, 0x00000000fe000000|100%| S|CS|TAMS 0x00000000fdf00000, 0x00000000fdf00000| Complete 
|  32|0x00000000fe000000, 0x00000000fe000000, 0x00000000fe100000|  0%| F|  |TAMS 0x00000000fe000000, 0x00000000fe000000| Untracked 
|  33|0x00000000fe100000, 0x00000000fe100000, 0x00000000fe200000|  0%| F|  |TAMS 0x00000000fe100000, 0x00000000fe100000| Untracked 
|  34|0x00000000fe200000, 0x00000000fe200000, 0x00000000fe300000|  0%| F|  |TAMS 0x00000000fe200000, 0x00000000fe200000| Untracked 
|  35|0x00000000fe300000, 0x00000000fe300000, 0x00000000fe400000|  0%| F|  |TAMS 0x00000000fe300000, 0x00000000fe300000| Untracked 
|  36|0x00000000fe400000, 0x00000000fe400000, 0x00000000fe500000|  0%| F|  |TAMS 0x00000000fe400000, 0x00000000fe400000| Untracked 
|  37|0x00000000fe500000, 0x00000000fe500000, 0x00000000fe600000|  0%| F|  |TAMS 0x00000000fe500000, 0x00000000fe500000| Untracked 
|  38|0x00000000fe600000, 0x00000000fe600000, 0x00000000fe700000|  0%| F|  |TAMS 0x00000000fe600000, 0x00000000fe600000| Untracked 
|  39|0x00000000fe700000, 0x00000000fe700000, 0x00000000fe800000|  0%| F|  |TAMS 0x00000000fe700000, 0x00000000fe700000| Untracked 
|  40|0x00000000fe800000, 0x00000000fe800000, 0x00000000fe900000|  0%| F|  |TAMS 0x00000000fe800000, 0x00000000fe800000| Untracked 
|  41|0x00000000fe900000, 0x00000000fe900000, 0x00000000fea00000|  0%| F|  |TAMS 0x00000000fe900000, 0x00000000fe900000| Untracked 
|  42|0x00000000fea00000, 0x00000000fea00000, 0x00000000feb00000|  0%| F|  |TAMS 0x00000000fea00000, 0x00000000fea00000| Untracked 
|  43|0x00000000feb00000, 0x00000000feb00000, 0x00000000fec00000|  0%| F|  |TAMS 0x00000000feb00000, 0x00000000feb00000| Untracked 
|  44|0x00000000fec00000, 0x00000000fec00000, 0x00000000fed00000|  0%| F|  |TAMS 0x00000000fec00000, 0x00000000fec00000| Untracked 
|  45|0x00000000fed00000, 0x00000000fed00000, 0x00000000fee00000|  0%| F|  |TAMS 0x00000000fed00000, 0x00000000fed00000| Untracked 
|  46|0x00000000fee00000, 0x00000000fee00000, 0x00000000fef00000|  0%| F|  |TAMS 0x00000000fee00000, 0x00000000fee00000| Untracked 
|  47|0x00000000fef00000, 0x00000000fef00000, 0x00000000ff000000|  0%| F|  |TAMS 0x00000000fef00000, 0x00000000fef00000| Untracked 
|  48|0x00000000ff000000, 0x00000000ff000000, 0x00000000ff100000|  0%| F|  |TAMS 0x00000000ff000000, 0x00000000ff000000| Untracked 
|  49|0x00000000ff100000, 0x00000000ff100000, 0x00000000ff200000|  0%| F|  |TAMS 0x00000000ff100000, 0x00000000ff100000| Untracked 
|  50|0x00000000ff200000, 0x00000000ff292df0, 0x00000000ff300000| 57%| E|  |TAMS 0x00000000ff200000, 0x00000000ff200000| Complete 
|  51|0x00000000ff300000, 0x00000000ff400000, 0x00000000ff400000|100%| E|CS|TAMS 0x00000000ff300000, 0x00000000ff300000| Complete 
|  52|0x00000000ff400000, 0x00000000ff500000, 0x00000000ff500000|100%| E|CS|TAMS 0x00000000ff400000, 0x00000000ff400000| Complete 
|  53|0x00000000ff500000, 0x00000000ff600000, 0x00000000ff600000|100%| E|CS|TAMS 0x00000000ff500000, 0x00000000ff500000| Complete 
|  54|0x00000000ff600000, 0x00000000ff700000, 0x00000000ff700000|100%| E|CS|TAMS 0x00000000ff600000, 0x00000000ff600000| Complete 
|  55|0x00000000ff700000, 0x00000000ff800000, 0x00000000ff800000|100%| E|CS|TAMS 0x00000000ff700000, 0x00000000ff700000| Complete 
|  56|0x00000000ff800000, 0x00000000ff900000, 0x00000000ff900000|100%| E|CS|TAMS 0x00000000ff800000, 0x00000000ff800000| Complete 
|  57|0x00000000ff900000, 0x00000000ffa00000, 0x00000000ffa00000|100%| E|CS|TAMS 0x00000000ff900000, 0x00000000ff900000| Complete 
|  58|0x00000000ffa00000, 0x00000000ffb00000, 0x00000000ffb00000|100%| E|CS|TAMS 0x00000000ffa00000, 0x00000000ffa00000| Complete 
|  59|0x00000000ffb00000, 0x00000000ffc00000, 0x00000000ffc00000|100%| E|CS|TAMS 0x00000000ffb00000, 0x00000000ffb00000| Complete 
|  60|0x00000000ffc00000, 0x00000000ffd00000, 0x00000000ffd00000|100%| E|CS|TAMS 0x00000000ffc00000, 0x00000000ffc00000| Complete 
|  61|0x00000000ffd00000, 0x00000000ffe00000, 0x00000000ffe00000|100%| E|CS|TAMS 0x00000000ffd00000, 0x00000000ffd00000| Complete 
|  62|0x00000000ffe00000, 0x00000000fff00000, 0x00000000fff00000|100%| E|CS|TAMS 0x00000000ffe00000, 0x00000000ffe00000| Complete 
|  63|0x00000000fff00000, 0x0000000100000000, 0x0000000100000000|100%| E|CS|TAMS 0x00000000fff00000, 0x00000000fff00000| Complete 

Card table byte_map: [0x000001fb88070000,0x000001fb88090000] _byte_map_base: 0x000001fb87890000

Marking Bits (Prev, Next): (CMBitMap*) 0x000001fb87f8d520, (CMBitMap*) 0x000001fb87f8d560
 Prev Bits: [0x000001fba10e0000, 0x000001fba11e0000)
 Next Bits: [0x000001fba11e0000, 0x000001fba12e0000)

Polling page: 0x000001fb88020000

Metaspace:

Usage:
  Non-class:      8.35 MB used.
      Class:      1.23 MB used.
       Both:      9.58 MB used.

Virtual space:
  Non-class space:       64.00 MB reserved,       8.50 MB ( 13%) committed,  1 nodes.
      Class space:        1.00 GB reserved,       1.31 MB ( <1%) committed,  1 nodes.
             Both:        1.06 GB reserved,       9.81 MB ( <1%) committed. 

Chunk freelists:
   Non-Class:  7.41 MB
       Class:  14.50 MB
        Both:  21.91 MB

MaxMetaspaceSize: unlimited
CompressedClassSpaceSize: 1.00 GB
Initial GC threshold: 21.00 MB
Current GC threshold: 21.00 MB
CDS: on
MetaspaceReclaimPolicy: balanced
 - commit_granule_bytes: 65536.
 - commit_granule_words: 8192.
 - virtual_space_node_default_size: 8388608.
 - enlarge_chunks_in_place: 1.
 - new_chunks_are_fully_committed: 0.
 - uncommit_free_chunks: 1.
 - use_allocation_guard: 0.
 - handle_deallocations: 1.


Internal statistics:

num_allocs_failed_limit: 0.
num_arena_births: 80.
num_arena_deaths: 0.
num_vsnodes_births: 2.
num_vsnodes_deaths: 0.
num_space_committed: 157.
num_space_uncommitted: 0.
num_chunks_returned_to_freelist: 0.
num_chunks_taken_from_freelist: 355.
num_chunk_merges: 0.
num_chunk_splits: 232.
num_chunks_enlarged: 191.
num_inconsistent_stats: 0.

CodeHeap 'non-profiled nmethods': size=119168Kb used=807Kb max_used=807Kb free=118360Kb
 bounds [0x000001fb98cb0000, 0x000001fb98f20000, 0x000001fba0110000]
CodeHeap 'profiled nmethods': size=119104Kb used=3895Kb max_used=3895Kb free=115208Kb
 bounds [0x000001fb91110000, 0x000001fb914e0000, 0x000001fb98560000]
CodeHeap 'non-nmethods': size=7488Kb used=1177Kb max_used=2880Kb free=6311Kb
 bounds [0x000001fb98560000, 0x000001fb98840000, 0x000001fb98cb0000]
 total_blobs=2514 nmethods=2046 adapters=380
 compilation: enabled
              stopped_count=0, restarted_count=0
 full_count=0

Compilation events (20 events):
Event: 126.174 Thread 0x000001fba422e390 nmethod 2042 0x000001fb98d78290 code [0x000001fb98d78400, 0x000001fb98d78498]
Event: 130.378 Thread 0x000001fba422e390 2043       4       java.util.concurrent.ThreadPoolExecutor::runStateAtLeast (11 bytes)
Event: 130.379 Thread 0x000001fba422e390 nmethod 2043 0x000001fb98d78590 code [0x000001fb98d78700, 0x000001fb98d78778]
Event: 137.984 Thread 0x000001fba422e390 2044       4       jdk.internal.misc.Unsafe::weakCompareAndSetInt (11 bytes)
Event: 138.029 Thread 0x000001fba422e390 nmethod 2044 0x000001fb98d78890 code [0x000001fb98d78a00, 0x000001fb98d78a98]
Event: 140.180 Thread 0x000001fba422ee40 2045       3       com.google.common.base.Preconditions::checkPositionIndex (25 bytes)
Event: 140.271 Thread 0x000001fba422ee40 nmethod 2045 0x000001fb914dbd90 code [0x000001fb914dbf60, 0x000001fb914dc1b8]
Event: 143.137 Thread 0x000001fba422e390 2046       4       java.util.concurrent.ThreadPoolExecutor::beforeExecute (1 bytes)
Event: 143.139 Thread 0x000001fba422e390 nmethod 2046 0x000001fb98d78b90 code [0x000001fb98d78d00, 0x000001fb98d78d78]
Event: 144.850 Thread 0x000001fba422e390 2047       4       java.util.concurrent.locks.ReentrantLock$Sync::tryRelease (51 bytes)
Event: 144.877 Thread 0x000001fba422e390 nmethod 2047 0x000001fb98d78e90 code [0x000001fb98d79020, 0x000001fb98d79158]
Event: 145.140 Thread 0x000001fba422e390 2048       4       java.lang.Integer::getChars (131 bytes)
Event: 145.160 Thread 0x000001fba422e390 nmethod 2048 0x000001fb98d79210 code [0x000001fb98d793a0, 0x000001fb98d79658]
Event: 148.146 Thread 0x000001fba422e390 2049       4       java.lang.String::<init> (10 bytes)
Event: 148.185 Thread 0x000001fba422e390 nmethod 2049 0x000001fb98d79890 code [0x000001fb98d79a20, 0x000001fb98d79e18]
Event: 150.137 Thread 0x000001fba422ee40 2050       3       sun.nio.cs.StreamEncoder::implWrite (137 bytes)
Event: 150.235 Thread 0x000001fba422ee40 nmethod 2050 0x000001fb914dc310 code [0x000001fb914dc580, 0x000001fb914dcf08]
Event: 150.235 Thread 0x000001fba422e390 2051       4       java.util.AbstractList::equals (117 bytes)
Event: 152.140 Thread 0x000001fba422ee40 2053   !   3       java.io.PrintStream::write (69 bytes)
Event: 152.748 Thread 0x000001fba422ee40 nmethod 2053 0x000001fb914dd290 code [0x000001fb914dd4a0, 0x000001fb914ddb78]

GC Heap History (4 events):
Event: 0.887 GC heap before
{Heap before GC invocations=0 (full 0):
 garbage-first heap   total 65536K, used 22528K [0x00000000fc000000, 0x0000000100000000)
  region size 1024K, 23 young (23552K), 0 survivors (0K)
 Metaspace       used 1719K, committed 1856K, reserved 1114112K
  class space    used 158K, committed 192K, reserved 1048576K
}
Event: 0.892 GC heap after
{Heap after GC invocations=1 (full 0):
 garbage-first heap   total 65536K, used 1856K [0x00000000fc000000, 0x0000000100000000)
  region size 1024K, 2 young (2048K), 2 survivors (2048K)
 Metaspace       used 1719K, committed 1856K, reserved 1114112K
  class space    used 158K, committed 192K, reserved 1048576K
}
Event: 2.918 GC heap before
{Heap before GC invocations=1 (full 0):
 garbage-first heap   total 65536K, used 35648K [0x00000000fc000000, 0x0000000100000000)
  region size 1024K, 32 young (32768K), 2 survivors (2048K)
 Metaspace       used 7178K, committed 7360K, reserved 1114112K
  class space    used 941K, committed 1024K, reserved 1048576K
}
Event: 2.927 GC heap after
{Heap after GC invocations=2 (full 0):
 garbage-first heap   total 65536K, used 12230K [0x00000000fc000000, 0x0000000100000000)
  region size 1024K, 4 young (4096K), 4 survivors (4096K)
 Metaspace       used 7178K, committed 7360K, reserved 1114112K
  class space    used 941K, committed 1024K, reserved 1048576K
}

Dll operation events (13 events):
Event: 0.022 Loaded shared library C:\Program Files\Eclipse Adoptium\jdk-17.0.19.10-hotspot\bin\java.dll
Event: 0.048 Loaded shared library C:\Program Files\Eclipse Adoptium\jdk-17.0.19.10-hotspot\bin\jsvml.dll
Event: 0.101 Loaded shared library C:\Program Files\Eclipse Adoptium\jdk-17.0.19.10-hotspot\bin\net.dll
Event: 0.105 Loaded shared library C:\Program Files\Eclipse Adoptium\jdk-17.0.19.10-hotspot\bin\nio.dll
Event: 0.112 Loaded shared library C:\Program Files\Eclipse Adoptium\jdk-17.0.19.10-hotspot\bin\zip.dll
Event: 0.902 Loaded shared library C:\Program Files\Eclipse Adoptium\jdk-17.0.19.10-hotspot\bin\jimage.dll
Event: 1.952 Loaded shared library C:\Program Files\Eclipse Adoptium\jdk-17.0.19.10-hotspot\bin\management.dll
Event: 1.962 Loaded shared library C:\Program Files\Eclipse Adoptium\jdk-17.0.19.10-hotspot\bin\management_ext.dll
Event: 2.072 Loaded shared library C:\Users\Anas\.gradle\native\660c5614fbf4a5f2a75b1949f50a0caf5cd603558e7d8a26e50b933a0cfb79d1\windows-amd64\native-platform.dll
Event: 2.164 Loaded shared library C:\Users\Anas\.gradle\native\jansi\2.4.2\Windows\x86_64\jansi.dll
Event: 2.841 Loaded shared library C:\Program Files\Eclipse Adoptium\jdk-17.0.19.10-hotspot\bin\extnet.dll
Event: 3.453 Loaded shared library C:\Program Files\Eclipse Adoptium\jdk-17.0.19.10-hotspot\bin\sunmscapi.dll
Event: 3.490 Loaded shared library C:\Program Files\Eclipse Adoptium\jdk-17.0.19.10-hotspot\bin\verify.dll

Deoptimization events (20 events):
Event: 3.393 Thread 0x000001fb87f68df0 Uncommon trap: trap_request=0xffffff45 fr.pc=0x000001fb98d4dd7c relative=0x00000000000001fc
Event: 3.393 Thread 0x000001fb87f68df0 Uncommon trap: reason=unstable_if action=reinterpret pc=0x000001fb98d4dd7c method=java.util.HashMap.putVal(ILjava/lang/Object;Ljava/lang/Object;ZZ)Ljava/lang/Object; @ 193 c2
Event: 3.393 Thread 0x000001fb87f68df0 DEOPT PACKING pc=0x000001fb98d4dd7c sp=0x0000007d91afaa30
Event: 3.393 Thread 0x000001fb87f68df0 DEOPT UNPACKING pc=0x000001fb985b69a3 sp=0x0000007d91afa958 mode 2
Event: 3.436 Thread 0x000001fba495c120 Uncommon trap: trap_request=0xffffffde fr.pc=0x000001fb98ce9094 relative=0x0000000000000074
Event: 3.436 Thread 0x000001fba495c120 Uncommon trap: reason=class_check action=maybe_recompile pc=0x000001fb98ce9094 method=java.util.AbstractList$Itr.hasNext()Z @ 8 c2
Event: 3.436 Thread 0x000001fba495c120 DEOPT PACKING pc=0x000001fb98ce9094 sp=0x0000007d92ffea20
Event: 3.436 Thread 0x000001fba495c120 DEOPT UNPACKING pc=0x000001fb985b69a3 sp=0x0000007d92ffe9b8 mode 2
Event: 3.436 Thread 0x000001fba495c120 Uncommon trap: trap_request=0xffffffde fr.pc=0x000001fb98ce9094 relative=0x0000000000000074
Event: 3.436 Thread 0x000001fba495c120 Uncommon trap: reason=class_check action=maybe_recompile pc=0x000001fb98ce9094 method=java.util.AbstractList$Itr.hasNext()Z @ 8 c2
Event: 3.436 Thread 0x000001fba495c120 DEOPT PACKING pc=0x000001fb98ce9094 sp=0x0000007d92ffea20
Event: 3.436 Thread 0x000001fba495c120 DEOPT UNPACKING pc=0x000001fb985b69a3 sp=0x0000007d92ffe9b8 mode 2
Event: 3.436 Thread 0x000001fba495c120 Uncommon trap: trap_request=0xffffffde fr.pc=0x000001fb98cea054 relative=0x00000000000000b4
Event: 3.436 Thread 0x000001fba495c120 Uncommon trap: reason=class_check action=maybe_recompile pc=0x000001fb98cea054 method=java.util.AbstractList$Itr.next()Ljava/lang/Object; @ 14 c2
Event: 3.436 Thread 0x000001fba495c120 DEOPT PACKING pc=0x000001fb98cea054 sp=0x0000007d92ffea10
Event: 3.436 Thread 0x000001fba495c120 DEOPT UNPACKING pc=0x000001fb985b69a3 sp=0x0000007d92ffe9a8 mode 2
Event: 3.436 Thread 0x000001fba495c120 Uncommon trap: trap_request=0xffffffde fr.pc=0x000001fb98cea054 relative=0x00000000000000b4
Event: 3.436 Thread 0x000001fba495c120 Uncommon trap: reason=class_check action=maybe_recompile pc=0x000001fb98cea054 method=java.util.AbstractList$Itr.next()Ljava/lang/Object; @ 14 c2
Event: 3.436 Thread 0x000001fba495c120 DEOPT PACKING pc=0x000001fb98cea054 sp=0x0000007d92ffea10
Event: 3.436 Thread 0x000001fba495c120 DEOPT UNPACKING pc=0x000001fb985b69a3 sp=0x0000007d92ffe9a8 mode 2

Classes loaded (20 events):
Event: 3.474 Loading class java/nio/channels/Pipe$SourceChannel done
Event: 3.474 Loading class sun/nio/ch/SourceChannelImpl done
Event: 3.475 Loading class sun/nio/ch/SinkChannelImpl
Event: 3.475 Loading class java/nio/channels/Pipe$SinkChannel
Event: 3.475 Loading class java/nio/channels/Pipe$SinkChannel done
Event: 3.475 Loading class sun/nio/ch/SinkChannelImpl done
Event: 3.478 Loading class sun/nio/ch/SelectionKeyImpl
Event: 3.479 Loading class java/nio/channels/spi/AbstractSelectionKey
Event: 3.479 Loading class java/nio/channels/SelectionKey
Event: 3.479 Loading class java/nio/channels/SelectionKey done
Event: 3.479 Loading class java/nio/channels/spi/AbstractSelectionKey done
Event: 3.479 Loading class sun/nio/ch/SelectionKeyImpl done
Event: 3.479 Loading class java/lang/invoke/ConstantBootstraps
Event: 3.480 Loading class java/lang/invoke/ConstantBootstraps done
Event: 3.505 Loading class java/nio/channels/spi/AbstractSelector$1
Event: 3.506 Loading class java/nio/channels/spi/AbstractSelector$1 done
Event: 3.655 Loading class java/util/concurrent/Executors$FinalizableDelegatedExecutorService
Event: 3.655 Loading class java/util/concurrent/Executors$FinalizableDelegatedExecutorService done
Event: 15.247 Loading class java/util/ArrayList$ListItr
Event: 15.247 Loading class java/util/ArrayList$ListItr done

Classes unloaded (0 events):
No events

Classes redefined (0 events):
No events

Internal exceptions (20 events):
Event: 2.102 Thread 0x000001fb87f68df0 Exception <a 'java/lang/NoSuchMethodError'{0x00000000feb13ed0}: 'void java.lang.invoke.DelegatingMethodHandle$Holder.delegate(java.lang.Object, java.lang.Object, int, java.lang.Object)'> (0x00000000feb13ed0) 
thrown [s\src\hotspot\share\interpreter\linkResolver.cpp, line 759]
Event: 2.107 Thread 0x000001fb87f68df0 Exception <a 'java/lang/NoSuchMethodError'{0x00000000feb27518}: 'java.lang.Object java.lang.invoke.Invokers$Holder.invokeExact_MT(java.lang.Object, java.lang.Object, java.lang.Object, java.lang.Object)'> (0x00000000feb27518) 
thrown [s\src\hotspot\share\interpreter\linkResolver.cpp, line 759]
Event: 2.122 Thread 0x000001fb87f68df0 Exception <a 'java/lang/NoSuchMethodError'{0x00000000feb560a0}: 'java.lang.Object java.lang.invoke.DirectMethodHandle$Holder.invokeVirtual(java.lang.Object, java.lang.Object, java.lang.Object)'> (0x00000000feb560a0) 
thrown [s\src\hotspot\share\interpreter\linkResolver.cpp, line 759]
Event: 2.155 Thread 0x000001fb87f68df0 Exception <a 'java/lang/NullPointerException'{0x00000000fea04f70}> (0x00000000fea04f70) 
thrown [s\src\hotspot\share\interpreter\linkResolver.cpp, line 1350]
Event: 2.170 Thread 0x000001fb87f68df0 Exception <a 'java/lang/NoSuchMethodError'{0x00000000fea2e6b8}: 'void java.lang.invoke.DirectMethodHandle$Holder.invokeStatic(java.lang.Object, long, java.lang.Object)'> (0x00000000fea2e6b8) 
thrown [s\src\hotspot\share\interpreter\linkResolver.cpp, line 759]
Event: 2.172 Thread 0x000001fb87f68df0 Exception <a 'java/lang/NoSuchMethodError'{0x00000000fea349c8}: 'java.lang.Object java.lang.invoke.DirectMethodHandle$Holder.newInvokeSpecial(java.lang.Object, long, java.lang.Object)'> (0x00000000fea349c8) 
thrown [s\src\hotspot\share\interpreter\linkResolver.cpp, line 759]
Event: 2.175 Thread 0x000001fb87f68df0 Exception <a 'java/lang/NullPointerException'{0x00000000fea41090}> (0x00000000fea41090) 
thrown [s\src\hotspot\share\interpreter\linkResolver.cpp, line 1350]
Event: 2.175 Thread 0x000001fb87f68df0 Exception <a 'java/lang/NullPointerException'{0x00000000fea41610}> (0x00000000fea41610) 
thrown [s\src\hotspot\share\interpreter\linkResolver.cpp, line 1350]
Event: 2.175 Thread 0x000001fb87f68df0 Exception <a 'java/lang/NullPointerException'{0x00000000fea41b90}> (0x00000000fea41b90) 
thrown [s\src\hotspot\share\interpreter\linkResolver.cpp, line 1350]
Event: 2.176 Thread 0x000001fb87f68df0 Exception <a 'java/lang/NullPointerException'{0x00000000fea4b158}> (0x00000000fea4b158) 
thrown [s\src\hotspot\share\interpreter\linkResolver.cpp, line 1350]
Event: 2.181 Thread 0x000001fb87f68df0 Exception <a 'java/lang/NullPointerException'{0x00000000fea68340}> (0x00000000fea68340) 
thrown [s\src\hotspot\share\interpreter\linkResolver.cpp, line 1350]
Event: 2.181 Thread 0x000001fb87f68df0 Exception <a 'java/lang/NullPointerException'{0x00000000fea688c0}> (0x00000000fea688c0) 
thrown [s\src\hotspot\share\interpreter\linkResolver.cpp, line 1350]
Event: 2.181 Thread 0x000001fb87f68df0 Exception <a 'java/lang/NullPointerException'{0x00000000fea68e40}> (0x00000000fea68e40) 
thrown [s\src\hotspot\share\interpreter\linkResolver.cpp, line 1350]
Event: 2.181 Thread 0x000001fb87f68df0 Exception <a 'java/lang/NullPointerException'{0x00000000fea693c0}> (0x00000000fea693c0) 
thrown [s\src\hotspot\share\interpreter\linkResolver.cpp, line 1350]
Event: 2.329 Thread 0x000001fb87f68df0 Exception <a 'java/lang/NoSuchMethodError'{0x00000000fe5ee4c0}: 'java.lang.Object java.lang.invoke.DirectMethodHandle$Holder.newInvokeSpecial(java.lang.Object, java.lang.Object, java.lang.Object, java.lang.Object, java.lang.Object)'> (0x00000000fe5ee4c0) 
thrown [s\src\hotspot\share\interpreter\linkResolver.cpp, line 759]
Event: 2.388 Thread 0x000001fb87f68df0 Exception <a 'java/lang/NoSuchMethodError'{0x00000000fe3519b8}: 'void java.lang.invoke.DirectMethodHandle$Holder.invokeSpecial(java.lang.Object, java.lang.Object, java.lang.Object)'> (0x00000000fe3519b8) 
thrown [s\src\hotspot\share\interpreter\linkResolver.cpp, line 759]
Event: 2.847 Thread 0x000001fb87f68df0 Exception <a 'java/lang/NoSuchMethodError'{0x00000000fe1a7a98}: 'void java.lang.invoke.DirectMethodHandle$Holder.invokeStatic(java.lang.Object, java.lang.Object, java.lang.Object)'> (0x00000000fe1a7a98) 
thrown [s\src\hotspot\share\interpreter\linkResolver.cpp, line 759]
Event: 3.154 Thread 0x000001fb87f68df0 Exception <a 'java/lang/NoSuchMethodError'{0x00000000ffbac890}: 'java.lang.Object java.lang.invoke.DirectMethodHandle$Holder.invokeStaticInit(java.lang.Object, int, int, int, int)'> (0x00000000ffbac890) 
thrown [s\src\hotspot\share\interpreter\linkResolver.cpp, line 759]
Event: 3.296 Thread 0x000001fb87f68df0 Exception <a 'java/lang/NoSuchMethodError'{0x00000000ffbf8dc0}: 'java.lang.Object java.lang.invoke.DirectMethodHandle$Holder.invokeStaticInit(java.lang.Object, java.lang.Object, int, int, int, int)'> (0x00000000ffbf8dc0) 
thrown [s\src\hotspot\share\interpreter\linkResolver.cpp, line 759]
Event: 3.333 Thread 0x000001fb87f68df0 Implicit null exception at 0x000001fb98cf8ef2 to 0x000001fb98cf94c0

VM Operations (20 events):
Event: 67.201 Executing VM operation: Cleanup
Event: 67.201 Executing VM operation: Cleanup done
Event: 68.203 Executing VM operation: Cleanup
Event: 68.203 Executing VM operation: Cleanup done
Event: 76.308 Executing VM operation: Cleanup
Event: 76.636 Executing VM operation: Cleanup done
Event: 98.857 Executing VM operation: Cleanup
Event: 98.880 Executing VM operation: Cleanup done
Event: 99.891 Executing VM operation: Cleanup
Event: 99.892 Executing VM operation: Cleanup done
Event: 109.027 Executing VM operation: Cleanup
Event: 109.168 Executing VM operation: Cleanup done
Event: 110.180 Executing VM operation: Cleanup
Event: 110.242 Executing VM operation: Cleanup done
Event: 121.346 Executing VM operation: Cleanup
Event: 121.455 Executing VM operation: Cleanup done
Event: 126.476 Executing VM operation: Cleanup
Event: 126.476 Executing VM operation: Cleanup done
Event: 145.689 Executing VM operation: Cleanup
Event: 145.689 Executing VM operation: Cleanup done

Memory protections (0 events):
No events

Nmethod flushes (0 events):
No events

Events (20 events):
Event: 6.034 Thread 0x000001fba44b89e0 Thread exited: 0x000001fba44b89e0
Event: 6.034 Thread 0x000001fba41f7760 Thread exited: 0x000001fba41f7760
Event: 13.430 Thread 0x000001fba422ee40 Thread added: 0x000001fbeaa67f30
Event: 15.547 Thread 0x000001fbeaa67f30 Thread exited: 0x000001fbeaa67f30
Event: 16.338 Thread 0x000001fba422ee40 Thread added: 0x000001fbeaa67f30
Event: 16.338 Thread 0x000001fba422ee40 Thread added: 0x000001fba4458910
Event: 20.142 Thread 0x000001fba4458910 Thread exited: 0x000001fba4458910
Event: 20.142 Thread 0x000001fbeaa67f30 Thread exited: 0x000001fbeaa67f30
Event: 22.809 Thread 0x000001fba422ee40 Thread added: 0x000001fba44641a0
Event: 22.809 Thread 0x000001fba422ee40 Thread added: 0x000001fba4458910
Event: 22.809 Thread 0x000001fba422ee40 Thread added: 0x000001fba4c4f030
Event: 23.444 Thread 0x000001fba4c4f030 Thread exited: 0x000001fba4c4f030
Event: 24.835 Thread 0x000001fba44641a0 Thread exited: 0x000001fba44641a0
Event: 24.835 Thread 0x000001fba4458910 Thread exited: 0x000001fba4458910
Event: 40.801 Thread 0x000001fba422ee40 Thread added: 0x000001fba4ae0f50
Event: 40.802 Thread 0x000001fba422ee40 Thread added: 0x000001fba4ae1470
Event: 40.803 Thread 0x000001fba422ee40 Thread added: 0x000001fba4ae2940
Event: 45.824 Thread 0x000001fba4ae2940 Thread exited: 0x000001fba4ae2940
Event: 45.824 Thread 0x000001fba4ae1470 Thread exited: 0x000001fba4ae1470
Event: 46.542 Thread 0x000001fba4ae0f50 Thread exited: 0x000001fba4ae0f50


Dynamic libraries:
0x00007ff7a2280000 - 0x00007ff7a228e000 	C:\Program Files\Eclipse Adoptium\jdk-17.0.19.10-hotspot\bin\java.exe
0x00007ffb0c840000 - 0x00007ffb0caa6000 	C:\WINDOWS\SYSTEM32\ntdll.dll
0x00007ffb0ad70000 - 0x00007ffb0ae39000 	C:\WINDOWS\System32\KERNEL32.DLL
0x00007ffb09ca0000 - 0x00007ffb0a09e000 	C:\WINDOWS\System32\KERNELBASE.dll
0x00007ffb0a0b0000 - 0x00007ffb0a1fc000 	C:\WINDOWS\System32\ucrtbase.dll
0x00007ffafaa80000 - 0x00007ffafaa9e000 	C:\Program Files\Eclipse Adoptium\jdk-17.0.19.10-hotspot\bin\VCRUNTIME140.dll
0x00007ffb04370000 - 0x00007ffb04388000 	C:\Program Files\Eclipse Adoptium\jdk-17.0.19.10-hotspot\bin\jli.dll
0x00007ffb0b830000 - 0x00007ffb0b9f7000 	C:\WINDOWS\System32\USER32.dll
0x00007ffb0a210000 - 0x00007ffb0a237000 	C:\WINDOWS\System32\win32u.dll
0x00007ffaef1b0000 - 0x00007ffaef442000 	C:\WINDOWS\WinSxS\amd64_microsoft.windows.common-controls_6595b64144ccf1df_6.0.26100.8875_none_3e0d5d42e32fe9dd\COMCTL32.dll
0x00007ffb0ad40000 - 0x00007ffb0ad6b000 	C:\WINDOWS\System32\GDI32.dll
0x00007ffb0b3d0000 - 0x00007ffb0b479000 	C:\WINDOWS\System32\msvcrt.dll
0x00007ffb0a240000 - 0x00007ffb0a36a000 	C:\WINDOWS\System32\gdi32full.dll
0x00007ffb0a370000 - 0x00007ffb0a413000 	C:\WINDOWS\System32\msvcp_win.dll
0x00007ffb0b480000 - 0x00007ffb0b4b2000 	C:\WINDOWS\System32\IMM32.DLL
0x00007ffafaa70000 - 0x00007ffafaa7c000 	C:\Program Files\Eclipse Adoptium\jdk-17.0.19.10-hotspot\bin\vcruntime140_1.dll
0x00007ffad2b80000 - 0x00007ffad2c0d000 	C:\Program Files\Eclipse Adoptium\jdk-17.0.19.10-hotspot\bin\msvcp140.dll
0x00007ffa2fc30000 - 0x00007ffa3089c000 	C:\Program Files\Eclipse Adoptium\jdk-17.0.19.10-hotspot\bin\server\jvm.dll
0x00007ffb0b6e0000 - 0x00007ffb0b797000 	C:\WINDOWS\System32\ADVAPI32.dll
0x00007ffb0a9f0000 - 0x00007ffb0aa9a000 	C:\WINDOWS\System32\sechost.dll
0x00007ffb0abc0000 - 0x00007ffb0acd8000 	C:\WINDOWS\System32\RPCRT4.dll
0x00007ffb0b7a0000 - 0x00007ffb0b820000 	C:\WINDOWS\System32\WS2_32.dll
0x00007ffb098c0000 - 0x00007ffb0991e000 	C:\WINDOWS\SYSTEM32\POWRPROF.dll
0x00007ffb009f0000 - 0x00007ffb00a26000 	C:\WINDOWS\SYSTEM32\WINMM.dll
0x00007ffb00a30000 - 0x00007ffb00a3b000 	C:\WINDOWS\SYSTEM32\VERSION.dll
0x00007ffb098a0000 - 0x00007ffb098b4000 	C:\WINDOWS\SYSTEM32\UMPDC.dll
0x00007ffb08720000 - 0x00007ffb0873b000 	C:\WINDOWS\SYSTEM32\kernel.appcore.dll
0x00007ffafa350000 - 0x00007ffafa35a000 	C:\Program Files\Eclipse Adoptium\jdk-17.0.19.10-hotspot\bin\jimage.dll
0x00007ffb07290000 - 0x00007ffb074d2000 	C:\WINDOWS\SYSTEM32\DBGHELP.DLL
0x00007ffb0a660000 - 0x00007ffb0a9e3000 	C:\WINDOWS\System32\combase.dll
0x00007ffb0bc70000 - 0x00007ffb0bd49000 	C:\WINDOWS\System32\OLEAUT32.dll
0x00007ffafdf90000 - 0x00007ffafdfcb000 	C:\WINDOWS\SYSTEM32\dbgcore.DLL
0x00007ffb0a4b0000 - 0x00007ffb0a55c000 	C:\WINDOWS\System32\bcryptPrimitives.dll
0x00007ffafa320000 - 0x00007ffafa345000 	C:\Program Files\Eclipse Adoptium\jdk-17.0.19.10-hotspot\bin\java.dll
0x00007ffa9c3b0000 - 0x00007ffa9c487000 	C:\Program Files\Eclipse Adoptium\jdk-17.0.19.10-hotspot\bin\jsvml.dll
0x00007ffb0bf50000 - 0x00007ffb0c6e2000 	C:\WINDOWS\System32\SHELL32.dll
0x00007ffb074e0000 - 0x00007ffb07d72000 	C:\WINDOWS\SYSTEM32\windows.storage.dll
0x00007ffb0b2d0000 - 0x00007ffb0b3c7000 	C:\WINDOWS\System32\SHCORE.dll
0x00007ffb0bd50000 - 0x00007ffb0bdb7000 	C:\WINDOWS\System32\shlwapi.dll
0x00007ffb09980000 - 0x00007ffb099a9000 	C:\WINDOWS\SYSTEM32\profapi.dll
0x00007ffaee7a0000 - 0x00007ffaee7ba000 	C:\Program Files\Eclipse Adoptium\jdk-17.0.19.10-hotspot\bin\net.dll
0x00007ffb01d50000 - 0x00007ffb01e77000 	C:\WINDOWS\SYSTEM32\WINHTTP.dll
0x00007ffb08cf0000 - 0x00007ffb08d5c000 	C:\WINDOWS\system32\mswsock.dll
0x00007ffaee780000 - 0x00007ffaee796000 	C:\Program Files\Eclipse Adoptium\jdk-17.0.19.10-hotspot\bin\nio.dll
0x00007ffae5230000 - 0x00007ffae5248000 	C:\Program Files\Eclipse Adoptium\jdk-17.0.19.10-hotspot\bin\zip.dll
0x00007ffafa310000 - 0x00007ffafa31a000 	C:\Program Files\Eclipse Adoptium\jdk-17.0.19.10-hotspot\bin\management.dll
0x00007ffaf0200000 - 0x00007ffaf020c000 	C:\Program Files\Eclipse Adoptium\jdk-17.0.19.10-hotspot\bin\management_ext.dll
0x00007ffb0abb0000 - 0x00007ffb0abb8000 	C:\WINDOWS\System32\PSAPI.DLL
0x00007ffae3b90000 - 0x00007ffae3bb7000 	C:\Users\Anas\.gradle\native\660c5614fbf4a5f2a75b1949f50a0caf5cd603558e7d8a26e50b933a0cfb79d1\windows-amd64\native-platform.dll
0x00007ffaf0350000 - 0x00007ffaf0374000 	C:\Users\Anas\.gradle\native\jansi\2.4.2\Windows\x86_64\jansi.dll
0x00007ffb080b0000 - 0x00007ffb080e3000 	C:\WINDOWS\SYSTEM32\IPHLPAPI.DLL
0x00007ffb0a590000 - 0x00007ffb0a59a000 	C:\WINDOWS\System32\NSI.dll
0x00007ffb01a30000 - 0x00007ffb01a4d000 	C:\WINDOWS\SYSTEM32\dhcpcsvc6.DLL
0x00007ffb01a00000 - 0x00007ffb01a25000 	C:\WINDOWS\SYSTEM32\dhcpcsvc.DLL
0x00007ffb08140000 - 0x00007ffb08296000 	C:\WINDOWS\SYSTEM32\DNSAPI.dll
0x00007ffb08af0000 - 0x00007ffb08afd000 	C:\WINDOWS\SYSTEM32\DSPARSE.dll
0x00007ffaee750000 - 0x00007ffaee759000 	C:\Program Files\Eclipse Adoptium\jdk-17.0.19.10-hotspot\bin\extnet.dll
0x00007ffb09010000 - 0x00007ffb0902b000 	C:\WINDOWS\SYSTEM32\CRYPTSP.dll
0x00007ffb08680000 - 0x00007ffb086b9000 	C:\WINDOWS\system32\rsaenh.dll
0x00007ffb08db0000 - 0x00007ffb08de2000 	C:\WINDOWS\SYSTEM32\USERENV.dll
0x00007ffb09950000 - 0x00007ffb0997a000 	C:\WINDOWS\SYSTEM32\bcrypt.dll
0x00007ffb08ff0000 - 0x00007ffb08ffc000 	C:\WINDOWS\SYSTEM32\CRYPTBASE.dll
0x00007ffafaa30000 - 0x00007ffafaa3e000 	C:\Program Files\Eclipse Adoptium\jdk-17.0.19.10-hotspot\bin\sunmscapi.dll
0x00007ffb09a60000 - 0x00007ffb09bd8000 	C:\WINDOWS\System32\CRYPT32.dll
0x00007ffb09230000 - 0x00007ffb09260000 	C:\WINDOWS\SYSTEM32\ncrypt.dll
0x00007ffb091e0000 - 0x00007ffb0921f000 	C:\WINDOWS\SYSTEM32\NTASN1.dll
0x00007ffaade80000 - 0x00007ffaade88000 	C:\WINDOWS\system32\wshunix.dll
0x00007ffaee3e0000 - 0x00007ffaee3f0000 	C:\Program Files\Eclipse Adoptium\jdk-17.0.19.10-hotspot\bin\verify.dll

dbghelp: loaded successfully - version: 4.0.5 - missing functions: none
symbol engine: initialized successfully - sym options: 0x614 - pdb path: .;C:\Program Files\Eclipse Adoptium\jdk-17.0.19.10-hotspot\bin;C:\WINDOWS\SYSTEM32;C:\WINDOWS\WinSxS\amd64_microsoft.windows.common-controls_6595b64144ccf1df_6.0.26100.8875_none_3e0d5d42e32fe9dd;C:\Program Files\Eclipse Adoptium\jdk-17.0.19.10-hotspot\bin\server;C:\Users\Anas\.gradle\native\660c5614fbf4a5f2a75b1949f50a0caf5cd603558e7d8a26e50b933a0cfb79d1\windows-amd64;C:\Users\Anas\.gradle\native\jansi\2.4.2\Windows\x86_64

VM Arguments:
jvm_args: -Xmx64m -Xms64m -Dorg.gradle.appname=gradlew 
java_command: C:\Users\Anas\EccApp\android\\gradle\wrapper\gradle-wrapper.jar app:installDebug -PreactNativeDevServerPort=8081
java_class_path (initial): C:\Users\Anas\EccApp\android\\gradle\wrapper\gradle-wrapper.jar
Launcher Type: SUN_STANDARD

[Global flags]
     intx CICompilerCount                          = 12                                        {product} {ergonomic}
     uint ConcGCThreads                            = 3                                         {product} {ergonomic}
     uint G1ConcRefinementThreads                  = 13                                        {product} {ergonomic}
   size_t G1HeapRegionSize                         = 1048576                                   {product} {ergonomic}
    uintx GCDrainStackTargetSize                   = 64                                        {product} {ergonomic}
   size_t InitialHeapSize                          = 67108864                                  {product} {command line}
   size_t MarkStackSize                            = 4194304                                   {product} {ergonomic}
   size_t MaxHeapSize                              = 67108864                                  {product} {command line}
   size_t MaxNewSize                               = 39845888                                  {product} {ergonomic}
   size_t MinHeapDeltaBytes                        = 1048576                                   {product} {ergonomic}
   size_t MinHeapSize                              = 67108864                                  {product} {command line}
    uintx NonNMethodCodeHeapSize                   = 7602480                                {pd product} {ergonomic}
    uintx NonProfiledCodeHeapSize                  = 122027880                              {pd product} {ergonomic}
    uintx ProfiledCodeHeapSize                     = 122027880                              {pd product} {ergonomic}
    uintx ReservedCodeCacheSize                    = 251658240                              {pd product} {ergonomic}
     bool SegmentedCodeCache                       = true                                      {product} {ergonomic}
   size_t SoftMaxHeapSize                          = 67108864                               {manageable} {ergonomic}
     bool UseCompressedClassPointers               = true                           {product lp64_product} {ergonomic}
     bool UseCompressedOops                        = true                           {product lp64_product} {ergonomic}
     bool UseG1GC                                  = true                                      {product} {ergonomic}
     bool UseLargePagesIndividualAllocation        = false                                  {pd product} {ergonomic}

Logging:
Log output configuration:
 #0: stdout all=warning uptime,level,tags
 #1: stderr all=off uptime,level,tags

Environment Variables:
JAVA_HOME=C:\Program Files\Eclipse Adoptium\jdk-17.0.19.10-hotspot\
PATH=C:\Users\Anas\EccApp\node_modules\.bin;C:\Users\Anas\EccApp\node_modules\.bin;C:\Users\Anas\node_modules\.bin;C:\Users\node_modules\.bin;C:\node_modules\.bin;C:\Program Files\nodejs\node_modules\npm\node_modules\@npmcli\run-script\lib\node-gyp-bin;C:\Users\Anas\AppData\Local\Android\Sdk\platform-tools;C:\WINDOWS\system32;C:\WINDOWS;C:\WINDOWS\System32\Wbem;C:\WINDOWS\System32\WindowsPowerShell\v1.0\;C:\WINDOWS\System32\OpenSSH\;C:\Program Files\Git\cmd;C:\Program Files\Git\mingw64\bin;C:\Program Files\Git\usr\bin;C:\Program Files\nodejs;C:\MinGW\bin;C:\Program Files\Docker\Docker\resources\bin;C:\Program Files\nodejs\;C:\Users\Anas\AppData\Local\Programs\Python\Python311\Scripts\;C:\Users\Anas\AppData\Local\Programs\Python\Python311\;C:\Users\Anas\AppData\Local\Programs\Python\Python314\Scripts\;C:\Users\Anas\AppData\Local\Programs\Python\Python314\;C:\Users\Anas\AppData\Local\Microsoft\WindowsApps;C:\Users\Anas\AppData\Local\Programs\Microsoft VS Code\bin;C:\Users\Anas\AppData\Roaming\npm;C:\Users\Anas\AppData\Local\Kingsoft\WPS Office\12.1.0.27458\clitool
USERNAME=Anas
LANG=en_US.UTF-8
OS=Windows_NT
PROCESSOR_IDENTIFIER=AMD64 Family 23 Model 104 Stepping 1, AuthenticAMD
TMP=C:\Users\Anas\AppData\Local\Temp
TEMP=C:\Users\Anas\AppData\Local\Temp



Periodic native trim disabled


---------------  S Y S T E M  ---------------

OS:
 Windows 11 , 64 bit Build 26100 (10.0.26100.8875)
OS uptime: 7 days 7:36 hours
Hyper-V role detected

CPU: total 16 (initial active 16) (16 cores per cpu, 2 threads per core) family 23 model 104 stepping 1 microcode 0x8608102, cx8, cmov, fxsr, ht, mmx, 3dnowpref, sse, sse2, sse3, ssse3, sse4a, sse4.1, sse4.2, popcnt, lzcnt, tsc, tscinvbit, avx, avx2, aes, clmul, bmi1, bmi2, adx, sha, fma, vzeroupper, clflush, clflushopt, hv
Processor Information for all 16 processors :
  Max Mhz: 1801, Current Mhz: 1801, Mhz Limit: 1801

Memory: 4k page, system-wide physical 7530M (402M free)
TotalPageFile size 31082M (AvailPageFile size 0M)
current process WorkingSet (physical memory assigned to process): 16M, peak: 117M
current process commit charge ("private bytes"): 178M, peak: 190M

vm_info: OpenJDK 64-Bit Server VM (17.0.19+10) for windows-amd64 JRE (17.0.19+10), built on Apr 25 2026 08:04:44 by "admin" with MS VC++ 17.12 (VS2022)

END.
